// Jest Snapshot v1, https://goo.gl/fbAQLP

exports[`qla migration running with a file name verify manifest 1`] = `
Object {
  "description": "test",
  "id": "no-id",
  "manifest_version": 1,
  "name": "Test",
  "toolbar_color": "blue",
  "toolbar_icon": "poll",
  "version_name": "1.0",
  "version_number": 1,
}
`;

exports[`qla migration running with no arguments creates a migration with today's date 2`] = `
"quip.apps.registerMigration(rootRecord => {
    // Write your migration code here
    return rootRecord;
});
"
`;

exports[`qla migration running with no arguments verify manifest 1`] = `
Object {
  "description": "test",
  "id": "no-id",
  "manifest_version": 1,
  "name": "Test",
  "toolbar_color": "blue",
  "toolbar_icon": "poll",
  "version_name": "1.0",
  "version_number": 1,
}
`;

exports[`qla migration targeting a version (-v) verify manifest 1`] = `
Object {
  "description": "test",
  "id": "no-id",
  "manifest_version": 1,
  "name": "Test",
  "toolbar_color": "blue",
  "toolbar_icon": "poll",
  "version_name": "1.0",
  "version_number": 1,
}
`;
